[35m[1mScanning dependencies of target _rtabmap_msgs_generate_messages_check_deps_LandmarkDetection[0m
[35m[1mScanning dependencies of target _rtabmap_msgs_generate_messages_check_deps_GetNodeData[0m
[35m[1mScanning dependencies of target _rtabmap_msgs_generate_messages_check_deps_LoadDatabase[0m
[35m[1mScanning dependencies of target _rtabmap_msgs_generate_messages_check_deps_DetectMoreLoopClosures[0m
[35m[1mScanning dependencies of target _rtabmap_msgs_generate_messages_check_deps_GetNodesInRadius[0m
[35m[1mScanning dependencies of target _rtabmap_msgs_generate_messages_check_deps_KeyPoint[0m
[35m[1mScanning dependencies of target _rtabmap_msgs_generate_messages_check_deps_UserData[0m
[35m[1mScanning dependencies of target _rtabmap_msgs_generate_messages_check_deps_GlobalBundleAdjustment[0m
[35m[1mScanning dependencies of target _rtabmap_msgs_generate_messages_check_deps_GetPlan[0m
[  0%] Built target _rtabmap_msgs_generate_messages_check_deps_LoadDatabase
[  0%] Built target _rtabmap_msgs_generate_messages_check_deps_DetectMoreLoopClosures
[  0%] Built target _rtabmap_msgs_generate_messages_check_deps_UserData
[  0%] Built target _rtabmap_msgs_generate_messages_check_deps_LandmarkDetection
[  0%] Built target _rtabmap_msgs_generate_messages_check_deps_GetNodeData
[35m[1mScanning dependencies of target sensor_msgs_generate_messages_py[0m
[  0%] Built target _rtabmap_msgs_generate_messages_check_deps_KeyPoint
[  0%] Built target _rtabmap_msgs_generate_messages_check_deps_GlobalBundleAdjustment
[  0%] Built target _rtabmap_msgs_generate_messages_check_deps_GetNodesInRadius
[  0%] Built target _rtabmap_msgs_generate_messages_check_deps_GetPlan
[35m[1mScanning dependencies of target _rtabmap_msgs_generate_messages_check_deps_CleanupLocalGrids[0m
[35m[1mScanning dependencies of target _rtabmap_msgs_generate_messages_check_deps_ListLabels[0m
[35m[1mScanning dependencies of target geometry_msgs_generate_messages_py[0m
[35m[1mScanning dependencies of target _rtabmap_msgs_generate_messages_check_deps_Link[0m
[  0%] Built target sensor_msgs_generate_messages_py
[35m[1mScanning dependencies of target _rtabmap_msgs_generate_messages_check_deps_RGBDImage[0m
[35m[1mScanning dependencies of target _rtabmap_msgs_generate_messages_check_deps_GlobalDescriptor[0m
[35m[1mScanning dependencies of target _rtabmap_msgs_generate_messages_check_deps_Path[0m
[35m[1mScanning dependencies of target _rtabmap_msgs_generate_messages_check_deps_Info[0m
[35m[1mScanning dependencies of target _rtabmap_msgs_generate_messages_check_deps_Goal[0m
[  0%] Built target geometry_msgs_generate_messages_py
[35m[1mScanning dependencies of target _rtabmap_msgs_generate_messages_check_deps_Node[0m
[35m[1mScanning dependencies of target _rtabmap_msgs_generate_messages_check_deps_AddLink[0m
[  0%] Built target _rtabmap_msgs_generate_messages_check_deps_Link
[  0%] Built target _rtabmap_msgs_generate_messages_check_deps_ListLabels
[  0%] Built target _rtabmap_msgs_generate_messages_check_deps_CleanupLocalGrids
[  0%] Built target _rtabmap_msgs_generate_messages_check_deps_RGBDImage
[  0%] Built target _rtabmap_msgs_generate_messages_check_deps_GlobalDescriptor
[  0%] Built target _rtabmap_msgs_generate_messages_check_deps_Info
[35m[1mScanning dependencies of target std_msgs_generate_messages_py[0m
[35m[1mScanning dependencies of target _rtabmap_msgs_generate_messages_check_deps_Point3f[0m
[35m[1mScanning dependencies of target _rtabmap_msgs_generate_messages_check_deps_MapData[0m
[35m[1mScanning dependencies of target _rtabmap_msgs_generate_messages_check_deps_CameraModel[0m
[  0%] Built target _rtabmap_msgs_generate_messages_check_deps_Path
[35m[1mScanning dependencies of target _rtabmap_msgs_generate_messages_check_deps_ScanDescriptor[0m
[35m[1mScanning dependencies of target _rtabmap_msgs_generate_messages_check_deps_OdomInfo[0m
[  0%] Built target std_msgs_generate_messages_py
[  0%] Built target _rtabmap_msgs_generate_messages_check_deps_Goal
[  0%] Built target _rtabmap_msgs_generate_messages_check_deps_AddLink
[  0%] Built target _rtabmap_msgs_generate_messages_check_deps_Node
[35m[1mScanning dependencies of target _rtabmap_msgs_generate_messages_check_deps_MapGraph[0m
[35m[1mScanning dependencies of target _rtabmap_msgs_generate_messages_check_deps_LandmarkDetections[0m
[35m[1mScanning dependencies of target _rtabmap_msgs_generate_messages_check_deps_SensorData[0m
[35m[1mScanning dependencies of target _rtabmap_msgs_generate_messages_check_deps_SetGoal[0m
[35m[1mScanning dependencies of target _rtabmap_msgs_generate_messages_check_deps_RGBDImages[0m
[35m[1mScanning dependencies of target _rtabmap_msgs_generate_messages_check_deps_GPS[0m
[  0%] Built target _rtabmap_msgs_generate_messages_check_deps_Point3f
[  0%] Built target _rtabmap_msgs_generate_messages_check_deps_MapData
[  0%] Built target _rtabmap_msgs_generate_messages_check_deps_CameraModel
[  0%] Built target _rtabmap_msgs_generate_messages_check_deps_ScanDescriptor
[35m[1mScanning dependencies of target _rtabmap_msgs_generate_messages_check_deps_CameraModels[0m
[35m[1mScanning dependencies of target _rtabmap_msgs_generate_messages_check_deps_EnvSensor[0m
[  0%] Built target _rtabmap_msgs_generate_messages_check_deps_OdomInfo
[35m[1mScanning dependencies of target _rtabmap_msgs_generate_messages_check_deps_Point2f[0m
[35m[1mScanning dependencies of target _rtabmap_msgs_generate_messages_check_deps_PublishMap[0m
[35m[1mScanning dependencies of target _rtabmap_msgs_generate_messages_check_deps_GetMap[0m
[  0%] Built target _rtabmap_msgs_generate_messages_check_deps_SensorData
[  0%] Built target _rtabmap_msgs_generate_messages_check_deps_SetGoal
[  0%] Built target _rtabmap_msgs_generate_messages_check_deps_MapGraph
[  0%] Built target _rtabmap_msgs_generate_messages_check_deps_RGBDImages
[  0%] Built target _rtabmap_msgs_generate_messages_check_deps_LandmarkDetections
[35m[1mScanning dependencies of target _rtabmap_msgs_generate_messages_check_deps_GetMap2[0m
[35m[1mScanning dependencies of target _rtabmap_msgs_generate_messages_check_deps_ResetPose[0m
[35m[1mScanning dependencies of target _rtabmap_msgs_generate_messages_check_deps_SetLabel[0m
[  0%] Built target _rtabmap_msgs_generate_messages_check_deps_GPS
[  0%] Built target _rtabmap_msgs_generate_messages_check_deps_EnvSensor
[  0%] Built target _rtabmap_msgs_generate_messages_check_deps_CameraModels
[  0%] Built target _rtabmap_msgs_generate_messages_check_deps_PublishMap
[  0%] Built target _rtabmap_msgs_generate_messages_check_deps_Point2f
[  0%] Built target _rtabmap_msgs_generate_messages_check_deps_GetMap
[35m[1mScanning dependencies of target std_msgs_generate_messages_cpp[0m
[35m[1mScanning dependencies of target _rtabmap_msgs_generate_messages_check_deps_RemoveLabel[0m
[  0%] Built target _rtabmap_msgs_generate_messages_check_deps_GetMap2
[  0%] Built target std_msgs_generate_messages_cpp
[35m[1mScanning dependencies of target sensor_msgs_generate_messages_cpp[0m
[35m[1mScanning dependencies of target geometry_msgs_generate_messages_cpp[0m
[  0%] Built target _rtabmap_msgs_generate_messages_check_deps_SetLabel
[  0%] Built target _rtabmap_msgs_generate_messages_check_deps_ResetPose
[35m[1mScanning dependencies of target std_msgs_generate_messages_nodejs[0m
[35m[1mScanning dependencies of target sensor_msgs_generate_messages_nodejs[0m
[  0%] Built target sensor_msgs_generate_messages_cpp
[  0%] Built target geometry_msgs_generate_messages_cpp
[35m[1mScanning dependencies of target geometry_msgs_generate_messages_nodejs[0m
[35m[1mScanning dependencies of target std_msgs_generate_messages_lisp[0m
[35m[1mScanning dependencies of target geometry_msgs_generate_messages_lisp[0m
[35m[1mScanning dependencies of target geometry_msgs_generate_messages_eus[0m
[35m[1mScanning dependencies of target sensor_msgs_generate_messages_lisp[0m
[  0%] Built target std_msgs_generate_messages_nodejs
[35m[1mScanning dependencies of target sensor_msgs_generate_messages_eus[0m
[35m[1mScanning dependencies of target std_msgs_generate_messages_eus[0m
[  0%] Built target sensor_msgs_generate_messages_nodejs
[  0%] Built target geometry_msgs_generate_messages_nodejs
[  0%] Built target std_msgs_generate_messages_lisp
[  0%] Built target geometry_msgs_generate_messages_lisp
[  0%] Built target geometry_msgs_generate_messages_eus
[  0%] Built target sensor_msgs_generate_messages_lisp
[  0%] Built target sensor_msgs_generate_messages_eus
[  0%] Built target _rtabmap_msgs_generate_messages_check_deps_RemoveLabel
[  0%] Built target std_msgs_generate_messages_eus
[35m[1mScanning dependencies of target rtabmap_msgs_generate_messages_py[0m
[35m[1mScanning dependencies of target rtabmap_msgs_generate_messages_lisp[0m
[35m[1mScanning dependencies of target rtabmap_msgs_generate_messages_cpp[0m
[35m[1mScanning dependencies of target rtabmap_msgs_generate_messages_nodejs[0m
[  0%] [34m[1mGenerating Python from MSG rtabmap_msgs/Info[0m
[  1%] [34m[1mGenerating Lisp code from rtabmap_msgs/Info.msg[0m
[  1%] [34m[1mGenerating C++ code from rtabmap_msgs/Info.msg[0m
[  1%] [34m[1mGenerating Javascript code from rtabmap_msgs/Info.msg[0m
[  2%] [34m[1mGenerating Lisp code from rtabmap_msgs/KeyPoint.msg[0m
[  3%] [34m[1mGenerating Javascript code from rtabmap_msgs/KeyPoint.msg[0m
[  3%] [34m[1mGenerating Lisp code from rtabmap_msgs/GlobalDescriptor.msg[0m
[  3%] [34m[1mGenerating C++ code from rtabmap_msgs/KeyPoint.msg[0m
[  3%] [34m[1mGenerating Javascript code from rtabmap_msgs/GlobalDescriptor.msg[0m
[  4%] [34m[1mGenerating Python from MSG rtabmap_msgs/KeyPoint[0m
[  4%] [34m[1mGenerating Python from MSG rtabmap_msgs/GlobalDescriptor[0m
[  5%] [34m[1mGenerating Lisp code from rtabmap_msgs/ScanDescriptor.msg[0m
[  6%] [34m[1mGenerating Javascript code from rtabmap_msgs/ScanDescriptor.msg[0m
[  7%] [34m[1mGenerating C++ code from rtabmap_msgs/GlobalDescriptor.msg[0m
[  7%] [34m[1mGenerating Lisp code from rtabmap_msgs/MapData.msg[0m
[  7%] [34m[1mGenerating Javascript code from rtabmap_msgs/MapData.msg[0m
[  8%] [34m[1mGenerating Javascript code from rtabmap_msgs/MapGraph.msg[0m
[  8%] [34m[1mGenerating Javascript code from rtabmap_msgs/Node.msg[0m
[35m[1mScanning dependencies of target rtabmap_msgs_generate_messages_eus[0m
[  9%] [34m[1mGenerating EusLisp code from rtabmap_msgs/Info.msg[0m
[ 10%] [34m[1mGenerating Javascript code from rtabmap_msgs/SensorData.msg[0m
[ 10%] [34m[1mGenerating EusLisp code from rtabmap_msgs/KeyPoint.msg[0m
[ 11%] [34m[1mGenerating Lisp code from rtabmap_msgs/MapGraph.msg[0m
[ 12%] [34m[1mGenerating EusLisp code from rtabmap_msgs/GlobalDescriptor.msg[0m
[ 12%] [34m[1mGenerating EusLisp code from rtabmap_msgs/ScanDescriptor.msg[0m
[ 12%] [34m[1mGenerating Javascript code from rtabmap_msgs/Link.msg[0m
[ 12%] [34m[1mGenerating C++ code from rtabmap_msgs/ScanDescriptor.msg[0m
[ 13%] [34m[1mGenerating Python from MSG rtabmap_msgs/ScanDescriptor[0m
[ 13%] [34m[1mGenerating Javascript code from rtabmap_msgs/LandmarkDetection.msg[0m
[ 14%] [34m[1mGenerating Javascript code from rtabmap_msgs/OdomInfo.msg[0m
[ 14%] [34m[1mGenerating Lisp code from rtabmap_msgs/Node.msg[0m
[ 15%] [34m[1mGenerating Lisp code from rtabmap_msgs/SensorData.msg[0m
[ 15%] [34m[1mGenerating Javascript code from rtabmap_msgs/LandmarkDetections.msg[0m
[ 16%] [34m[1mGenerating C++ code from rtabmap_msgs/MapData.msg[0m
[ 17%] [34m[1mGenerating EusLisp code from rtabmap_msgs/MapData.msg[0m
[ 17%] [34m[1mGenerating Python from MSG rtabmap_msgs/MapData[0m
[ 18%] [34m[1mGenerating Python from MSG rtabmap_msgs/MapGraph[0m
[ 18%] [34m[1mGenerating Lisp code from rtabmap_msgs/Link.msg[0m
[ 18%] [34m[1mGenerating Python from MSG rtabmap_msgs/Node[0m
[ 18%] [34m[1mGenerating Javascript code from rtabmap_msgs/Point3f.msg[0m
[ 18%] [34m[1mGenerating C++ code from rtabmap_msgs/MapGraph.msg[0m
[ 19%] [34m[1mGenerating Javascript code from rtabmap_msgs/Point2f.msg[0m
[ 20%] [34m[1mGenerating Lisp code from rtabmap_msgs/OdomInfo.msg[0m
[ 20%] [34m[1mGenerating Python from MSG rtabmap_msgs/SensorData[0m
[ 21%] [34m[1mGenerating C++ code from rtabmap_msgs/Node.msg[0m
[ 21%] [34m[1mGenerating EusLisp code from rtabmap_msgs/MapGraph.msg[0m
[ 22%] [34m[1mGenerating EusLisp code from rtabmap_msgs/Node.msg[0m
[ 23%] [34m[1mGenerating Javascript code from rtabmap_msgs/Goal.msg[0m
[ 23%] [34m[1mGenerating Lisp code from rtabmap_msgs/LandmarkDetection.msg[0m
[ 24%] [34m[1mGenerating Python from MSG rtabmap_msgs/Link[0m
[ 24%] [34m[1mGenerating EusLisp code from rtabmap_msgs/SensorData.msg[0m
[ 25%] [34m[1mGenerating Lisp code from rtabmap_msgs/LandmarkDetections.msg[0m
[ 25%] [34m[1mGenerating Javascript code from rtabmap_msgs/RGBDImage.msg[0m
[ 25%] [34m[1mGenerating Lisp code from rtabmap_msgs/Point2f.msg[0m
[ 25%] [34m[1mGenerating Python from MSG rtabmap_msgs/OdomInfo[0m
[ 25%] [34m[1mGenerating C++ code from rtabmap_msgs/SensorData.msg[0m
[ 26%] [34m[1mGenerating Javascript code from rtabmap_msgs/RGBDImages.msg[0m
[ 27%] [34m[1mGenerating Lisp code from rtabmap_msgs/Point3f.msg[0m
[ 28%] [34m[1mGenerating C++ code from rtabmap_msgs/Link.msg[0m
[ 28%] [34m[1mGenerating Lisp code from rtabmap_msgs/Goal.msg[0m
[ 29%] [34m[1mGenerating EusLisp code from rtabmap_msgs/Link.msg[0m
[ 30%] [34m[1mGenerating Python from MSG rtabmap_msgs/LandmarkDetection[0m
[ 30%] [34m[1mGenerating Javascript code from rtabmap_msgs/UserData.msg[0m
[ 30%] [34m[1mGenerating Python from MSG rtabmap_msgs/LandmarkDetections[0m
[ 30%] [34m[1mGenerating C++ code from rtabmap_msgs/OdomInfo.msg[0m
[ 30%] [34m[1mGenerating EusLisp code from rtabmap_msgs/OdomInfo.msg[0m
[ 31%] [34m[1mGenerating Lisp code from rtabmap_msgs/RGBDImage.msg[0m
[ 32%] [34m[1mGenerating Javascript code from rtabmap_msgs/GPS.msg[0m
[ 34%] [34m[1mGenerating C++ code from rtabmap_msgs/LandmarkDetection.msg[0m
[ 34%] [34m[1mGenerating C++ code from rtabmap_msgs/LandmarkDetections.msg[0m
[ 35%] [34m[1mGenerating Python from MSG rtabmap_msgs/Point2f[0m
[ 36%] [34m[1mGenerating C++ code from rtabmap_msgs/Point2f.msg[0m
[ 36%] [34m[1mGenerating Lisp code from rtabmap_msgs/RGBDImages.msg[0m
[ 36%] [34m[1mGenerating Javascript code from rtabmap_msgs/Path.msg[0m
[ 37%] [34m[1mGenerating EusLisp code from rtabmap_msgs/LandmarkDetection.msg[0m
[ 37%] [34m[1mGenerating Lisp code from rtabmap_msgs/UserData.msg[0m
[ 37%] [34m[1mGenerating EusLisp code from rtabmap_msgs/LandmarkDetections.msg[0m
[ 39%] [34m[1mGenerating Javascript code from rtabmap_msgs/EnvSensor.msg[0m
[ 38%] [34m[1mGenerating C++ code from rtabmap_msgs/Point3f.msg[0m
[ 39%] [34m[1mGenerating Lisp code from rtabmap_msgs/GPS.msg[0m
[ 39%] [34m[1mGenerating Javascript code from rtabmap_msgs/CameraModel.msg[0m
[ 40%] [34m[1mGenerating Python from MSG rtabmap_msgs/Goal[0m
[ 40%] [34m[1mGenerating Python from MSG rtabmap_msgs/Point3f[0m
[ 41%] [34m[1mGenerating EusLisp code from rtabmap_msgs/Point2f.msg[0m
[ 42%] [34m[1mGenerating C++ code from rtabmap_msgs/Goal.msg[0m
[ 42%] [34m[1mGenerating Python from MSG rtabmap_msgs/RGBDImage[0m
[ 42%] [34m[1mGenerating C++ code from rtabmap_msgs/RGBDImage.msg[0m
[ 43%] [34m[1mGenerating Python from MSG rtabmap_msgs/RGBDImages[0m
[ 43%] [34m[1mGenerating Lisp code from rtabmap_msgs/Path.msg[0m
[ 44%] [34m[1mGenerating Javascript code from rtabmap_msgs/CameraModels.msg[0m
[ 44%] [34m[1mGenerating EusLisp code from rtabmap_msgs/Point3f.msg[0m
[ 45%] [34m[1mGenerating Lisp code from rtabmap_msgs/EnvSensor.msg[0m
[ 46%] [34m[1mGenerating EusLisp code from rtabmap_msgs/Goal.msg[0m
[ 46%] [34m[1mGenerating Javascript code from rtabmap_msgs/GetMap.srv[0m
[ 46%] [34m[1mGenerating Python from MSG rtabmap_msgs/UserData[0m
[ 47%] [34m[1mGenerating Python from MSG rtabmap_msgs/GPS[0m
[ 48%] [34m[1mGenerating C++ code from rtabmap_msgs/RGBDImages.msg[0m
[ 48%] [34m[1mGenerating Lisp code from rtabmap_msgs/CameraModel.msg[0m
[ 49%] [34m[1mGenerating Lisp code from rtabmap_msgs/CameraModels.msg[0m
[ 50%] [34m[1mGenerating Javascript code from rtabmap_msgs/GetMap2.srv[0m
[ 50%] [34m[1mGenerating C++ code from rtabmap_msgs/UserData.msg[0m
[ 50%] [34m[1mGenerating EusLisp code from rtabmap_msgs/RGBDImage.msg[0m
[ 51%] [34m[1mGenerating C++ code from rtabmap_msgs/GPS.msg[0m
[ 51%] [34m[1mGenerating C++ code from rtabmap_msgs/Path.msg[0m
[ 51%] [34m[1mGenerating Javascript code from rtabmap_msgs/ListLabels.srv[0m
[ 51%] [34m[1mGenerating Lisp code from rtabmap_msgs/GetMap.srv[0m
[ 52%] [34m[1mGenerating Javascript code from rtabmap_msgs/PublishMap.srv[0m
[ 53%] [34m[1mGenerating EusLisp code from rtabmap_msgs/RGBDImages.msg[0m
[ 53%] [34m[1mGenerating EusLisp code from rtabmap_msgs/UserData.msg[0m
[ 53%] [34m[1mGenerating Javascript code from rtabmap_msgs/ResetPose.srv[0m
[ 54%] [34m[1mGenerating Javascript code from rtabmap_msgs/SetGoal.srv[0m
[ 55%] [34m[1mGenerating EusLisp code from rtabmap_msgs/GPS.msg[0m
[ 56%] [34m[1mGenerating Lisp code from rtabmap_msgs/GetMap2.srv[0m
[ 56%] [34m[1mGenerating Python from MSG rtabmap_msgs/Path[0m
[ 56%] [34m[1mGenerating EusLisp code from rtabmap_msgs/Path.msg[0m
[ 57%] [34m[1mGenerating C++ code from rtabmap_msgs/EnvSensor.msg[0m
[ 57%] [34m[1mGenerating C++ code from rtabmap_msgs/CameraModel.msg[0m
[ 57%] [34m[1mGenerating Javascript code from rtabmap_msgs/SetLabel.srv[0m
[ 58%] [34m[1mGenerating Javascript code from rtabmap_msgs/RemoveLabel.srv[0m
[ 58%] [34m[1mGenerating Lisp code from rtabmap_msgs/ListLabels.srv[0m
[ 59%] [34m[1mGenerating Python from MSG rtabmap_msgs/EnvSensor[0m
[ 59%] [34m[1mGenerating Python from MSG rtabmap_msgs/CameraModel[0m
[ 60%] [34m[1mGenerating EusLisp code from rtabmap_msgs/EnvSensor.msg[0m
[ 61%] [34m[1mGenerating Python from MSG rtabmap_msgs/CameraModels[0m
[ 62%] [34m[1mGenerating C++ code from rtabmap_msgs/CameraModels.msg[0m
[ 63%] [34m[1mGenerating Lisp code from rtabmap_msgs/PublishMap.srv[0m
[ 63%] [34m[1mGenerating Javascript code from rtabmap_msgs/GetPlan.srv[0m
[ 64%] [34m[1mGenerating Javascript code from rtabmap_msgs/AddLink.srv[0m
[ 64%] [34m[1mGenerating Python code from SRV rtabmap_msgs/GetMap[0m
[ 64%] [34m[1mGenerating Javascript code from rtabmap_msgs/GetNodeData.srv[0m
[ 64%] [34m[1mGenerating Lisp code from rtabmap_msgs/ResetPose.srv[0m
[ 64%] [34m[1mGenerating EusLisp code from rtabmap_msgs/CameraModel.msg[0m
[ 64%] [34m[1mGenerating EusLisp code from rtabmap_msgs/CameraModels.msg[0m
[ 64%] [34m[1mGenerating C++ code from rtabmap_msgs/GetMap.srv[0m
[ 65%] [34m[1mGenerating C++ code from rtabmap_msgs/GetMap2.srv[0m
[ 67%] [34m[1mGenerating Lisp code from rtabmap_msgs/SetGoal.srv[0m
[ 68%] [34m[1mGenerating Javascript code from rtabmap_msgs/GetNodesInRadius.srv[0m
[ 69%] [34m[1mGenerating Python code from SRV rtabmap_msgs/GetMap2[0m
[ 70%] [34m[1mGenerating EusLisp code from rtabmap_msgs/GetMap.srv[0m
[ 70%] [34m[1mGenerating C++ code from rtabmap_msgs/ListLabels.srv[0m
[ 70%] [34m[1mGenerating C++ code from rtabmap_msgs/PublishMap.srv[0m
[ 70%] [34m[1mGenerating Lisp code from rtabmap_msgs/SetLabel.srv[0m
[ 70%] [34m[1mGenerating Python code from SRV rtabmap_msgs/ListLabels[0m
[ 70%] [34m[1mGenerating Javascript code from rtabmap_msgs/LoadDatabase.srv[0m
[ 71%] [34m[1mGenerating Javascript code from rtabmap_msgs/DetectMoreLoopClosures.srv[0m
[ 71%] [34m[1mGenerating EusLisp code from rtabmap_msgs/GetMap2.srv[0m
[ 72%] [34m[1mGenerating Lisp code from rtabmap_msgs/RemoveLabel.srv[0m
[ 72%] [34m[1mGenerating Javascript code from rtabmap_msgs/GlobalBundleAdjustment.srv[0m
[ 73%] [34m[1mGenerating Javascript code from rtabmap_msgs/CleanupLocalGrids.srv[0m
[ 73%] [34m[1mGenerating Lisp code from rtabmap_msgs/GetPlan.srv[0m
[ 74%] [34m[1mGenerating C++ code from rtabmap_msgs/ResetPose.srv[0m
[ 74%] [34m[1mGenerating C++ code from rtabmap_msgs/SetGoal.srv[0m
[ 75%] [34m[1mGenerating Python code from SRV rtabmap_msgs/PublishMap[0m
[ 76%] [34m[1mGenerating C++ code from rtabmap_msgs/SetLabel.srv[0m
[ 77%] [34m[1mGenerating Lisp code from rtabmap_msgs/AddLink.srv[0m
[ 77%] Built target rtabmap_msgs_generate_messages_nodejs
[ 77%] [34m[1mGenerating Python code from SRV rtabmap_msgs/ResetPose[0m
[ 77%] [34m[1mGenerating C++ code from rtabmap_msgs/RemoveLabel.srv[0m
[ 77%] [34m[1mGenerating Lisp code from rtabmap_msgs/GetNodeData.srv[0m
[ 78%] [34m[1mGenerating EusLisp code from rtabmap_msgs/ListLabels.srv[0m
[ 79%] [34m[1mGenerating Lisp code from rtabmap_msgs/GetNodesInRadius.srv[0m
[ 79%] [34m[1mGenerating Lisp code from rtabmap_msgs/LoadDatabase.srv[0m
[ 79%] [34m[1mGenerating EusLisp code from rtabmap_msgs/PublishMap.srv[0m
[ 81%] [34m[1mGenerating Python code from SRV rtabmap_msgs/SetGoal[0m
[ 81%] [34m[1mGenerating C++ code from rtabmap_msgs/GetPlan.srv[0m
[ 81%] [34m[1mGenerating Python code from SRV rtabmap_msgs/SetLabel[0m
[ 82%] [34m[1mGenerating Lisp code from rtabmap_msgs/DetectMoreLoopClosures.srv[0m
[ 82%] [34m[1mGenerating C++ code from rtabmap_msgs/AddLink.srv[0m
[ 82%] [34m[1mGenerating Lisp code from rtabmap_msgs/GlobalBundleAdjustment.srv[0m
[ 84%] [34m[1mGenerating Lisp code from rtabmap_msgs/CleanupLocalGrids.srv[0m
[ 84%] [34m[1mGenerating EusLisp code from rtabmap_msgs/ResetPose.srv[0m
[ 85%] [34m[1mGenerating Python code from SRV rtabmap_msgs/RemoveLabel[0m
[ 85%] [34m[1mGenerating EusLisp code from rtabmap_msgs/SetGoal.srv[0m
[ 86%] [34m[1mGenerating C++ code from rtabmap_msgs/GetNodeData.srv[0m
[ 87%] [34m[1mGenerating EusLisp code from rtabmap_msgs/SetLabel.srv[0m
[ 87%] [34m[1mGenerating C++ code from rtabmap_msgs/GetNodesInRadius.srv[0m
[ 87%] Built target rtabmap_msgs_generate_messages_lisp
[ 88%] [34m[1mGenerating C++ code from rtabmap_msgs/LoadDatabase.srv[0m
[ 88%] [34m[1mGenerating Python code from SRV rtabmap_msgs/GetPlan[0m
[ 88%] [34m[1mGenerating C++ code from rtabmap_msgs/DetectMoreLoopClosures.srv[0m
[ 88%] [34m[1mGenerating EusLisp code from rtabmap_msgs/RemoveLabel.srv[0m
[ 89%] [34m[1mGenerating C++ code from rtabmap_msgs/GlobalBundleAdjustment.srv[0m
[ 90%] [34m[1mGenerating EusLisp code from rtabmap_msgs/GetPlan.srv[0m
[ 90%] [34m[1mGenerating EusLisp code from rtabmap_msgs/AddLink.srv[0m
[ 90%] [34m[1mGenerating C++ code from rtabmap_msgs/CleanupLocalGrids.srv[0m
[ 91%] [34m[1mGenerating EusLisp code from rtabmap_msgs/GetNodeData.srv[0m
[ 92%] [34m[1mGenerating Python code from SRV rtabmap_msgs/AddLink[0m
[ 92%] [34m[1mGenerating Python code from SRV rtabmap_msgs/GetNodeData[0m
[ 92%] [34m[1mGenerating EusLisp code from rtabmap_msgs/GetNodesInRadius.srv[0m
[ 93%] [34m[1mGenerating Python code from SRV rtabmap_msgs/LoadDatabase[0m
[ 93%] [34m[1mGenerating Python code from SRV rtabmap_msgs/GetNodesInRadius[0m
[ 94%] [34m[1mGenerating EusLisp code from rtabmap_msgs/LoadDatabase.srv[0m
[ 94%] [34m[1mGenerating EusLisp code from rtabmap_msgs/DetectMoreLoopClosures.srv[0m
[ 95%] [34m[1mGenerating Python code from SRV rtabmap_msgs/DetectMoreLoopClosures[0m
[ 95%] [34m[1mGenerating Python code from SRV rtabmap_msgs/GlobalBundleAdjustment[0m
[ 96%] [34m[1mGenerating EusLisp code from rtabmap_msgs/CleanupLocalGrids.srv[0m
[ 96%] [34m[1mGenerating EusLisp code from rtabmap_msgs/GlobalBundleAdjustment.srv[0m
[ 97%] [34m[1mGenerating Python code from SRV rtabmap_msgs/CleanupLocalGrids[0m
[ 97%] Built target rtabmap_msgs_generate_messages_cpp
[ 98%] [34m[1mGenerating EusLisp manifest code for rtabmap_msgs[0m
[ 98%] [34m[1mGenerating Python msg __init__.py for rtabmap_msgs[0m
[100%] [34m[1mGenerating Python srv __init__.py for rtabmap_msgs[0m
[100%] Built target rtabmap_msgs_generate_messages_py
[100%] Built target rtabmap_msgs_generate_messages_eus
[35m[1mScanning dependencies of target rtabmap_msgs_generate_messages[0m
[100%] Built target rtabmap_msgs_generate_messages
