Symlinking /root/catkin_ws/devel/lib/python3/dist-packages/rtabmap_msgs/__init__.py
Symlinking /root/catkin_ws/devel/lib/python3/dist-packages/rtabmap_msgs/srv/_GetMap2.py
Symlinking /root/catkin_ws/devel/lib/python3/dist-packages/rtabmap_msgs/srv/_ListLabels.py
Symlinking /root/catkin_ws/devel/lib/python3/dist-packages/rtabmap_msgs/srv/_GetNodeData.py
Symlinking /root/catkin_ws/devel/lib/python3/dist-packages/rtabmap_msgs/srv/_ResetPose.py
Symlinking /root/catkin_ws/devel/lib/python3/dist-packages/rtabmap_msgs/srv/_GetPlan.py
Symlinking /root/catkin_ws/devel/lib/python3/dist-packages/rtabmap_msgs/srv/_LoadDatabase.py
Symlinking /root/catkin_ws/devel/lib/python3/dist-packages/rtabmap_msgs/srv/_CleanupLocalGrids.py
Symlinking /root/catkin_ws/devel/lib/python3/dist-packages/rtabmap_msgs/srv/_RemoveLabel.py
Symlinking /root/catkin_ws/devel/lib/python3/dist-packages/rtabmap_msgs/srv/_PublishMap.py
Symlinking /root/catkin_ws/devel/lib/python3/dist-packages/rtabmap_msgs/srv/_AddLink.py
Symlinking /root/catkin_ws/devel/lib/python3/dist-packages/rtabmap_msgs/srv/_SetGoal.py
Symlinking /root/catkin_ws/devel/lib/python3/dist-packages/rtabmap_msgs/srv/_SetLabel.py
Symlinking /root/catkin_ws/devel/lib/python3/dist-packages/rtabmap_msgs/srv/_GlobalBundleAdjustment.py
Symlinking /root/catkin_ws/devel/lib/python3/dist-packages/rtabmap_msgs/srv/_GetNodesInRadius.py
Symlinking /root/catkin_ws/devel/lib/python3/dist-packages/rtabmap_msgs/srv/_GetMap.py
Symlinking /root/catkin_ws/devel/lib/python3/dist-packages/rtabmap_msgs/srv/_DetectMoreLoopClosures.py
Symlinking /root/catkin_ws/devel/lib/python3/dist-packages/rtabmap_msgs/srv/__init__.py
Symlinking /root/catkin_ws/devel/lib/python3/dist-packages/rtabmap_msgs/msg/_GPS.py
Symlinking /root/catkin_ws/devel/lib/python3/dist-packages/rtabmap_msgs/msg/_Point2f.py
Symlinking /root/catkin_ws/devel/lib/python3/dist-packages/rtabmap_msgs/msg/_Point3f.py
Symlinking /root/catkin_ws/devel/lib/python3/dist-packages/rtabmap_msgs/msg/_LandmarkDetections.py
Symlinking /root/catkin_ws/devel/lib/python3/dist-packages/rtabmap_msgs/msg/_EnvSensor.py
Symlinking /root/catkin_ws/devel/lib/python3/dist-packages/rtabmap_msgs/msg/_Info.py
Symlinking /root/catkin_ws/devel/lib/python3/dist-packages/rtabmap_msgs/msg/_KeyPoint.py
Symlinking /root/catkin_ws/devel/lib/python3/dist-packages/rtabmap_msgs/msg/_LandmarkDetection.py
Symlinking /root/catkin_ws/devel/lib/python3/dist-packages/rtabmap_msgs/msg/_CameraModels.py
Symlinking /root/catkin_ws/devel/lib/python3/dist-packages/rtabmap_msgs/msg/_GlobalDescriptor.py
Symlinking /root/catkin_ws/devel/lib/python3/dist-packages/rtabmap_msgs/msg/_Link.py
Symlinking /root/catkin_ws/devel/lib/python3/dist-packages/rtabmap_msgs/msg/_Path.py
Symlinking /root/catkin_ws/devel/lib/python3/dist-packages/rtabmap_msgs/msg/_SensorData.py
Symlinking /root/catkin_ws/devel/lib/python3/dist-packages/rtabmap_msgs/msg/_MapData.py
Symlinking /root/catkin_ws/devel/lib/python3/dist-packages/rtabmap_msgs/msg/_Node.py
Symlinking /root/catkin_ws/devel/lib/python3/dist-packages/rtabmap_msgs/msg/_RGBDImages.py
Symlinking /root/catkin_ws/devel/lib/python3/dist-packages/rtabmap_msgs/msg/_OdomInfo.py
Symlinking /root/catkin_ws/devel/lib/python3/dist-packages/rtabmap_msgs/msg/_Goal.py
Symlinking /root/catkin_ws/devel/lib/python3/dist-packages/rtabmap_msgs/msg/_UserData.py
Symlinking /root/catkin_ws/devel/lib/python3/dist-packages/rtabmap_msgs/msg/_MapGraph.py
Symlinking /root/catkin_ws/devel/lib/python3/dist-packages/rtabmap_msgs/msg/_ScanDescriptor.py
Symlinking /root/catkin_ws/devel/lib/python3/dist-packages/rtabmap_msgs/msg/_RGBDImage.py
Symlinking /root/catkin_ws/devel/lib/python3/dist-packages/rtabmap_msgs/msg/__init__.py
Symlinking /root/catkin_ws/devel/lib/python3/dist-packages/rtabmap_msgs/msg/_CameraModel.py
Symlinking /root/catkin_ws/devel/lib/pkgconfig/rtabmap_msgs.pc
Symlinking /root/catkin_ws/devel/share/gennodejs/ros/rtabmap_msgs/_index.js
Symlinking /root/catkin_ws/devel/share/gennodejs/ros/rtabmap_msgs/srv/_index.js
Symlinking /root/catkin_ws/devel/share/gennodejs/ros/rtabmap_msgs/srv/CleanupLocalGrids.js
Symlinking /root/catkin_ws/devel/share/gennodejs/ros/rtabmap_msgs/srv/GetMap2.js
Symlinking /root/catkin_ws/devel/share/gennodejs/ros/rtabmap_msgs/srv/RemoveLabel.js
Symlinking /root/catkin_ws/devel/share/gennodejs/ros/rtabmap_msgs/srv/ListLabels.js
Symlinking /root/catkin_ws/devel/share/gennodejs/ros/rtabmap_msgs/srv/GlobalBundleAdjustment.js
Symlinking /root/catkin_ws/devel/share/gennodejs/ros/rtabmap_msgs/srv/SetGoal.js
Symlinking /root/catkin_ws/devel/share/gennodejs/ros/rtabmap_msgs/srv/ResetPose.js
Symlinking /root/catkin_ws/devel/share/gennodejs/ros/rtabmap_msgs/srv/GetPlan.js
Symlinking /root/catkin_ws/devel/share/gennodejs/ros/rtabmap_msgs/srv/DetectMoreLoopClosures.js
Symlinking /root/catkin_ws/devel/share/gennodejs/ros/rtabmap_msgs/srv/LoadDatabase.js
Symlinking /root/catkin_ws/devel/share/gennodejs/ros/rtabmap_msgs/srv/PublishMap.js
Symlinking /root/catkin_ws/devel/share/gennodejs/ros/rtabmap_msgs/srv/GetNodesInRadius.js
Symlinking /root/catkin_ws/devel/share/gennodejs/ros/rtabmap_msgs/srv/SetLabel.js
Symlinking /root/catkin_ws/devel/share/gennodejs/ros/rtabmap_msgs/srv/GetMap.js
Symlinking /root/catkin_ws/devel/share/gennodejs/ros/rtabmap_msgs/srv/GetNodeData.js
Symlinking /root/catkin_ws/devel/share/gennodejs/ros/rtabmap_msgs/srv/AddLink.js
Symlinking /root/catkin_ws/devel/share/gennodejs/ros/rtabmap_msgs/msg/_index.js
Symlinking /root/catkin_ws/devel/share/gennodejs/ros/rtabmap_msgs/msg/Path.js
Symlinking /root/catkin_ws/devel/share/gennodejs/ros/rtabmap_msgs/msg/RGBDImage.js
Symlinking /root/catkin_ws/devel/share/gennodejs/ros/rtabmap_msgs/msg/LandmarkDetection.js
Symlinking /root/catkin_ws/devel/share/gennodejs/ros/rtabmap_msgs/msg/Node.js
Symlinking /root/catkin_ws/devel/share/gennodejs/ros/rtabmap_msgs/msg/MapData.js
Symlinking /root/catkin_ws/devel/share/gennodejs/ros/rtabmap_msgs/msg/RGBDImages.js
Symlinking /root/catkin_ws/devel/share/gennodejs/ros/rtabmap_msgs/msg/KeyPoint.js
Symlinking /root/catkin_ws/devel/share/gennodejs/ros/rtabmap_msgs/msg/UserData.js
Symlinking /root/catkin_ws/devel/share/gennodejs/ros/rtabmap_msgs/msg/Point3f.js
Symlinking /root/catkin_ws/devel/share/gennodejs/ros/rtabmap_msgs/msg/Link.js
Symlinking /root/catkin_ws/devel/share/gennodejs/ros/rtabmap_msgs/msg/Info.js
Symlinking /root/catkin_ws/devel/share/gennodejs/ros/rtabmap_msgs/msg/LandmarkDetections.js
Symlinking /root/catkin_ws/devel/share/gennodejs/ros/rtabmap_msgs/msg/ScanDescriptor.js
Symlinking /root/catkin_ws/devel/share/gennodejs/ros/rtabmap_msgs/msg/EnvSensor.js
Symlinking /root/catkin_ws/devel/share/gennodejs/ros/rtabmap_msgs/msg/GlobalDescriptor.js
Symlinking /root/catkin_ws/devel/share/gennodejs/ros/rtabmap_msgs/msg/Goal.js
Symlinking /root/catkin_ws/devel/share/gennodejs/ros/rtabmap_msgs/msg/Point2f.js
Symlinking /root/catkin_ws/devel/share/gennodejs/ros/rtabmap_msgs/msg/GPS.js
Symlinking /root/catkin_ws/devel/share/gennodejs/ros/rtabmap_msgs/msg/SensorData.js
Symlinking /root/catkin_ws/devel/share/gennodejs/ros/rtabmap_msgs/msg/OdomInfo.js
Symlinking /root/catkin_ws/devel/share/gennodejs/ros/rtabmap_msgs/msg/MapGraph.js
Symlinking /root/catkin_ws/devel/share/gennodejs/ros/rtabmap_msgs/msg/CameraModel.js
Symlinking /root/catkin_ws/devel/share/gennodejs/ros/rtabmap_msgs/msg/CameraModels.js
Symlinking /root/catkin_ws/devel/share/common-lisp/ros/rtabmap_msgs/srv/AddLink.lisp
Symlinking /root/catkin_ws/devel/share/common-lisp/ros/rtabmap_msgs/srv/_package_SetGoal.lisp
Symlinking /root/catkin_ws/devel/share/common-lisp/ros/rtabmap_msgs/srv/ListLabels.lisp
Symlinking /root/catkin_ws/devel/share/common-lisp/ros/rtabmap_msgs/srv/_package_GetMap.lisp
Symlinking /root/catkin_ws/devel/share/common-lisp/ros/rtabmap_msgs/srv/_package_DetectMoreLoopClosures.lisp
Symlinking /root/catkin_ws/devel/share/common-lisp/ros/rtabmap_msgs/srv/_package.lisp
Symlinking /root/catkin_ws/devel/share/common-lisp/ros/rtabmap_msgs/srv/ResetPose.lisp
Symlinking /root/catkin_ws/devel/share/common-lisp/ros/rtabmap_msgs/srv/_package_GlobalBundleAdjustment.lisp
Symlinking /root/catkin_ws/devel/share/common-lisp/ros/rtabmap_msgs/srv/_package_PublishMap.lisp
Symlinking /root/catkin_ws/devel/share/common-lisp/ros/rtabmap_msgs/srv/_package_CleanupLocalGrids.lisp
Symlinking /root/catkin_ws/devel/share/common-lisp/ros/rtabmap_msgs/srv/_package_ResetPose.lisp
Symlinking /root/catkin_ws/devel/share/common-lisp/ros/rtabmap_msgs/srv/CleanupLocalGrids.lisp
Symlinking /root/catkin_ws/devel/share/common-lisp/ros/rtabmap_msgs/srv/GetMap.lisp
Symlinking /root/catkin_ws/devel/share/common-lisp/ros/rtabmap_msgs/srv/rtabmap_msgs-srv.asd
Symlinking /root/catkin_ws/devel/share/common-lisp/ros/rtabmap_msgs/srv/_package_ListLabels.lisp
Symlinking /root/catkin_ws/devel/share/common-lisp/ros/rtabmap_msgs/srv/GetPlan.lisp
Symlinking /root/catkin_ws/devel/share/common-lisp/ros/rtabmap_msgs/srv/_package_SetLabel.lisp
Symlinking /root/catkin_ws/devel/share/common-lisp/ros/rtabmap_msgs/srv/GetNodesInRadius.lisp
Symlinking /root/catkin_ws/devel/share/common-lisp/ros/rtabmap_msgs/srv/_package_AddLink.lisp
Symlinking /root/catkin_ws/devel/share/common-lisp/ros/rtabmap_msgs/srv/GetNodeData.lisp
Symlinking /root/catkin_ws/devel/share/common-lisp/ros/rtabmap_msgs/srv/LoadDatabase.lisp
Symlinking /root/catkin_ws/devel/share/common-lisp/ros/rtabmap_msgs/srv/_package_GetPlan.lisp
Symlinking /root/catkin_ws/devel/share/common-lisp/ros/rtabmap_msgs/srv/_package_LoadDatabase.lisp
Symlinking /root/catkin_ws/devel/share/common-lisp/ros/rtabmap_msgs/srv/SetLabel.lisp
Symlinking /root/catkin_ws/devel/share/common-lisp/ros/rtabmap_msgs/srv/PublishMap.lisp
Symlinking /root/catkin_ws/devel/share/common-lisp/ros/rtabmap_msgs/srv/RemoveLabel.lisp
Symlinking /root/catkin_ws/devel/share/common-lisp/ros/rtabmap_msgs/srv/GetMap2.lisp
Symlinking /root/catkin_ws/devel/share/common-lisp/ros/rtabmap_msgs/srv/GlobalBundleAdjustment.lisp
Symlinking /root/catkin_ws/devel/share/common-lisp/ros/rtabmap_msgs/srv/SetGoal.lisp
Symlinking /root/catkin_ws/devel/share/common-lisp/ros/rtabmap_msgs/srv/_package_RemoveLabel.lisp
Symlinking /root/catkin_ws/devel/share/common-lisp/ros/rtabmap_msgs/srv/_package_GetNodeData.lisp
Symlinking /root/catkin_ws/devel/share/common-lisp/ros/rtabmap_msgs/srv/_package_GetNodesInRadius.lisp
Symlinking /root/catkin_ws/devel/share/common-lisp/ros/rtabmap_msgs/srv/DetectMoreLoopClosures.lisp
Symlinking /root/catkin_ws/devel/share/common-lisp/ros/rtabmap_msgs/srv/_package_GetMap2.lisp
Symlinking /root/catkin_ws/devel/share/common-lisp/ros/rtabmap_msgs/msg/_package_CameraModel.lisp
Symlinking /root/catkin_ws/devel/share/common-lisp/ros/rtabmap_msgs/msg/Point3f.lisp
Symlinking /root/catkin_ws/devel/share/common-lisp/ros/rtabmap_msgs/msg/_package_LandmarkDetection.lisp
Symlinking /root/catkin_ws/devel/share/common-lisp/ros/rtabmap_msgs/msg/_package_Goal.lisp
Symlinking /root/catkin_ws/devel/share/common-lisp/ros/rtabmap_msgs/msg/Info.lisp
Symlinking /root/catkin_ws/devel/share/common-lisp/ros/rtabmap_msgs/msg/SensorData.lisp
Symlinking /root/catkin_ws/devel/share/common-lisp/ros/rtabmap_msgs/msg/UserData.lisp
Symlinking /root/catkin_ws/devel/share/common-lisp/ros/rtabmap_msgs/msg/_package_SensorData.lisp
Symlinking /root/catkin_ws/devel/share/common-lisp/ros/rtabmap_msgs/msg/Node.lisp
Symlinking /root/catkin_ws/devel/share/common-lisp/ros/rtabmap_msgs/msg/OdomInfo.lisp
Symlinking /root/catkin_ws/devel/share/common-lisp/ros/rtabmap_msgs/msg/Link.lisp
Symlinking /root/catkin_ws/devel/share/common-lisp/ros/rtabmap_msgs/msg/rtabmap_msgs-msg.asd
Symlinking /root/catkin_ws/devel/share/common-lisp/ros/rtabmap_msgs/msg/_package_GlobalDescriptor.lisp
Symlinking /root/catkin_ws/devel/share/common-lisp/ros/rtabmap_msgs/msg/_package_RGBDImage.lisp
Symlinking /root/catkin_ws/devel/share/common-lisp/ros/rtabmap_msgs/msg/_package.lisp
Symlinking /root/catkin_ws/devel/share/common-lisp/ros/rtabmap_msgs/msg/LandmarkDetections.lisp
Symlinking /root/catkin_ws/devel/share/common-lisp/ros/rtabmap_msgs/msg/Goal.lisp
Symlinking /root/catkin_ws/devel/share/common-lisp/ros/rtabmap_msgs/msg/_package_Path.lisp
Symlinking /root/catkin_ws/devel/share/common-lisp/ros/rtabmap_msgs/msg/_package_UserData.lisp
Symlinking /root/catkin_ws/devel/share/common-lisp/ros/rtabmap_msgs/msg/_package_LandmarkDetections.lisp
Symlinking /root/catkin_ws/devel/share/common-lisp/ros/rtabmap_msgs/msg/_package_Info.lisp
Symlinking /root/catkin_ws/devel/share/common-lisp/ros/rtabmap_msgs/msg/_package_Node.lisp
Symlinking /root/catkin_ws/devel/share/common-lisp/ros/rtabmap_msgs/msg/GPS.lisp
Symlinking /root/catkin_ws/devel/share/common-lisp/ros/rtabmap_msgs/msg/CameraModels.lisp
Symlinking /root/catkin_ws/devel/share/common-lisp/ros/rtabmap_msgs/msg/_package_Link.lisp
Symlinking /root/catkin_ws/devel/share/common-lisp/ros/rtabmap_msgs/msg/_package_MapData.lisp
Symlinking /root/catkin_ws/devel/share/common-lisp/ros/rtabmap_msgs/msg/_package_RGBDImages.lisp
Symlinking /root/catkin_ws/devel/share/common-lisp/ros/rtabmap_msgs/msg/_package_MapGraph.lisp
Symlinking /root/catkin_ws/devel/share/common-lisp/ros/rtabmap_msgs/msg/KeyPoint.lisp
Symlinking /root/catkin_ws/devel/share/common-lisp/ros/rtabmap_msgs/msg/_package_Point3f.lisp
Symlinking /root/catkin_ws/devel/share/common-lisp/ros/rtabmap_msgs/msg/RGBDImage.lisp
Symlinking /root/catkin_ws/devel/share/common-lisp/ros/rtabmap_msgs/msg/RGBDImages.lisp
Symlinking /root/catkin_ws/devel/share/common-lisp/ros/rtabmap_msgs/msg/ScanDescriptor.lisp
Symlinking /root/catkin_ws/devel/share/common-lisp/ros/rtabmap_msgs/msg/_package_ScanDescriptor.lisp
Symlinking /root/catkin_ws/devel/share/common-lisp/ros/rtabmap_msgs/msg/_package_CameraModels.lisp
Symlinking /root/catkin_ws/devel/share/common-lisp/ros/rtabmap_msgs/msg/_package_KeyPoint.lisp
Symlinking /root/catkin_ws/devel/share/common-lisp/ros/rtabmap_msgs/msg/_package_GPS.lisp
Symlinking /root/catkin_ws/devel/share/common-lisp/ros/rtabmap_msgs/msg/LandmarkDetection.lisp
Symlinking /root/catkin_ws/devel/share/common-lisp/ros/rtabmap_msgs/msg/_package_Point2f.lisp
Symlinking /root/catkin_ws/devel/share/common-lisp/ros/rtabmap_msgs/msg/_package_EnvSensor.lisp
Symlinking /root/catkin_ws/devel/share/common-lisp/ros/rtabmap_msgs/msg/CameraModel.lisp
Symlinking /root/catkin_ws/devel/share/common-lisp/ros/rtabmap_msgs/msg/Path.lisp
Symlinking /root/catkin_ws/devel/share/common-lisp/ros/rtabmap_msgs/msg/_package_OdomInfo.lisp
Symlinking /root/catkin_ws/devel/share/common-lisp/ros/rtabmap_msgs/msg/GlobalDescriptor.lisp
Symlinking /root/catkin_ws/devel/share/common-lisp/ros/rtabmap_msgs/msg/MapGraph.lisp
Symlinking /root/catkin_ws/devel/share/common-lisp/ros/rtabmap_msgs/msg/MapData.lisp
Symlinking /root/catkin_ws/devel/share/common-lisp/ros/rtabmap_msgs/msg/Point2f.lisp
Symlinking /root/catkin_ws/devel/share/common-lisp/ros/rtabmap_msgs/msg/EnvSensor.lisp
Symlinking /root/catkin_ws/devel/share/roseus/ros/rtabmap_msgs/manifest.l
Symlinking /root/catkin_ws/devel/share/roseus/ros/rtabmap_msgs/srv/DetectMoreLoopClosures.l
Symlinking /root/catkin_ws/devel/share/roseus/ros/rtabmap_msgs/srv/SetGoal.l
Symlinking /root/catkin_ws/devel/share/roseus/ros/rtabmap_msgs/srv/CleanupLocalGrids.l
Symlinking /root/catkin_ws/devel/share/roseus/ros/rtabmap_msgs/srv/GetPlan.l
Symlinking /root/catkin_ws/devel/share/roseus/ros/rtabmap_msgs/srv/GetMap.l
Symlinking /root/catkin_ws/devel/share/roseus/ros/rtabmap_msgs/srv/GetMap2.l
Symlinking /root/catkin_ws/devel/share/roseus/ros/rtabmap_msgs/srv/SetLabel.l
Symlinking /root/catkin_ws/devel/share/roseus/ros/rtabmap_msgs/srv/ResetPose.l
Symlinking /root/catkin_ws/devel/share/roseus/ros/rtabmap_msgs/srv/RemoveLabel.l
Symlinking /root/catkin_ws/devel/share/roseus/ros/rtabmap_msgs/srv/PublishMap.l
Symlinking /root/catkin_ws/devel/share/roseus/ros/rtabmap_msgs/srv/GetNodeData.l
Symlinking /root/catkin_ws/devel/share/roseus/ros/rtabmap_msgs/srv/GetNodesInRadius.l
Symlinking /root/catkin_ws/devel/share/roseus/ros/rtabmap_msgs/srv/LoadDatabase.l
Symlinking /root/catkin_ws/devel/share/roseus/ros/rtabmap_msgs/srv/ListLabels.l
Symlinking /root/catkin_ws/devel/share/roseus/ros/rtabmap_msgs/srv/AddLink.l
Symlinking /root/catkin_ws/devel/share/roseus/ros/rtabmap_msgs/srv/GlobalBundleAdjustment.l
Symlinking /root/catkin_ws/devel/share/roseus/ros/rtabmap_msgs/msg/Point2f.l
Symlinking /root/catkin_ws/devel/share/roseus/ros/rtabmap_msgs/msg/OdomInfo.l
Symlinking /root/catkin_ws/devel/share/roseus/ros/rtabmap_msgs/msg/EnvSensor.l
Symlinking /root/catkin_ws/devel/share/roseus/ros/rtabmap_msgs/msg/CameraModels.l
Symlinking /root/catkin_ws/devel/share/roseus/ros/rtabmap_msgs/msg/MapGraph.l
Symlinking /root/catkin_ws/devel/share/roseus/ros/rtabmap_msgs/msg/LandmarkDetection.l
Symlinking /root/catkin_ws/devel/share/roseus/ros/rtabmap_msgs/msg/UserData.l
Symlinking /root/catkin_ws/devel/share/roseus/ros/rtabmap_msgs/msg/Link.l
Symlinking /root/catkin_ws/devel/share/roseus/ros/rtabmap_msgs/msg/Point3f.l
Symlinking /root/catkin_ws/devel/share/roseus/ros/rtabmap_msgs/msg/GPS.l
Symlinking /root/catkin_ws/devel/share/roseus/ros/rtabmap_msgs/msg/MapData.l
Symlinking /root/catkin_ws/devel/share/roseus/ros/rtabmap_msgs/msg/GlobalDescriptor.l
Symlinking /root/catkin_ws/devel/share/roseus/ros/rtabmap_msgs/msg/ScanDescriptor.l
Symlinking /root/catkin_ws/devel/share/roseus/ros/rtabmap_msgs/msg/Info.l
Symlinking /root/catkin_ws/devel/share/roseus/ros/rtabmap_msgs/msg/Goal.l
Symlinking /root/catkin_ws/devel/share/roseus/ros/rtabmap_msgs/msg/LandmarkDetections.l
Symlinking /root/catkin_ws/devel/share/roseus/ros/rtabmap_msgs/msg/Path.l
Symlinking /root/catkin_ws/devel/share/roseus/ros/rtabmap_msgs/msg/SensorData.l
Symlinking /root/catkin_ws/devel/share/roseus/ros/rtabmap_msgs/msg/RGBDImage.l
Symlinking /root/catkin_ws/devel/share/roseus/ros/rtabmap_msgs/msg/Node.l
Symlinking /root/catkin_ws/devel/share/roseus/ros/rtabmap_msgs/msg/RGBDImages.l
Symlinking /root/catkin_ws/devel/share/roseus/ros/rtabmap_msgs/msg/CameraModel.l
Symlinking /root/catkin_ws/devel/share/roseus/ros/rtabmap_msgs/msg/KeyPoint.l
Symlinking /root/catkin_ws/devel/share/rtabmap_msgs/cmake/rtabmap_msgsConfig.cmake
Symlinking /root/catkin_ws/devel/share/rtabmap_msgs/cmake/rtabmap_msgs-msg-extras.cmake
Symlinking /root/catkin_ws/devel/share/rtabmap_msgs/cmake/rtabmap_msgs-msg-paths.cmake
Symlinking /root/catkin_ws/devel/share/rtabmap_msgs/cmake/rtabmap_msgsConfig-version.cmake
Symlinking /root/catkin_ws/devel/include/rtabmap_msgs/CleanupLocalGridsResponse.h
Symlinking /root/catkin_ws/devel/include/rtabmap_msgs/UserData.h
Symlinking /root/catkin_ws/devel/include/rtabmap_msgs/PublishMapRequest.h
Symlinking /root/catkin_ws/devel/include/rtabmap_msgs/ListLabelsRequest.h
Symlinking /root/catkin_ws/devel/include/rtabmap_msgs/GetPlanResponse.h
Symlinking /root/catkin_ws/devel/include/rtabmap_msgs/GetNodeDataRequest.h
Symlinking /root/catkin_ws/devel/include/rtabmap_msgs/CleanupLocalGrids.h
Symlinking /root/catkin_ws/devel/include/rtabmap_msgs/CameraModels.h
Symlinking /root/catkin_ws/devel/include/rtabmap_msgs/SetGoalResponse.h
Symlinking /root/catkin_ws/devel/include/rtabmap_msgs/GlobalDescriptor.h
Symlinking /root/catkin_ws/devel/include/rtabmap_msgs/GetMapRequest.h
Symlinking /root/catkin_ws/devel/include/rtabmap_msgs/GetNodesInRadius.h
Symlinking /root/catkin_ws/devel/include/rtabmap_msgs/EnvSensor.h
Symlinking /root/catkin_ws/devel/include/rtabmap_msgs/ListLabels.h
Symlinking /root/catkin_ws/devel/include/rtabmap_msgs/GPS.h
Symlinking /root/catkin_ws/devel/include/rtabmap_msgs/ListLabelsResponse.h
Symlinking /root/catkin_ws/devel/include/rtabmap_msgs/DetectMoreLoopClosuresResponse.h
Symlinking /root/catkin_ws/devel/include/rtabmap_msgs/RemoveLabel.h
Symlinking /root/catkin_ws/devel/include/rtabmap_msgs/RGBDImages.h
Symlinking /root/catkin_ws/devel/include/rtabmap_msgs/Node.h
Symlinking /root/catkin_ws/devel/include/rtabmap_msgs/RemoveLabelResponse.h
Symlinking /root/catkin_ws/devel/include/rtabmap_msgs/GetNodesInRadiusResponse.h
Symlinking /root/catkin_ws/devel/include/rtabmap_msgs/GlobalBundleAdjustment.h
Symlinking /root/catkin_ws/devel/include/rtabmap_msgs/ResetPoseRequest.h
Symlinking /root/catkin_ws/devel/include/rtabmap_msgs/GetNodesInRadiusRequest.h
Symlinking /root/catkin_ws/devel/include/rtabmap_msgs/SetLabelRequest.h
Symlinking /root/catkin_ws/devel/include/rtabmap_msgs/LandmarkDetection.h
Symlinking /root/catkin_ws/devel/include/rtabmap_msgs/LandmarkDetections.h
Symlinking /root/catkin_ws/devel/include/rtabmap_msgs/DetectMoreLoopClosuresRequest.h
Symlinking /root/catkin_ws/devel/include/rtabmap_msgs/SetGoal.h
Symlinking /root/catkin_ws/devel/include/rtabmap_msgs/AddLinkRequest.h
Symlinking /root/catkin_ws/devel/include/rtabmap_msgs/SetLabelResponse.h
Symlinking /root/catkin_ws/devel/include/rtabmap_msgs/GetNodeDataResponse.h
Symlinking /root/catkin_ws/devel/include/rtabmap_msgs/PublishMap.h
Symlinking /root/catkin_ws/devel/include/rtabmap_msgs/LoadDatabaseResponse.h
Symlinking /root/catkin_ws/devel/include/rtabmap_msgs/DetectMoreLoopClosures.h
Symlinking /root/catkin_ws/devel/include/rtabmap_msgs/GlobalBundleAdjustmentRequest.h
Symlinking /root/catkin_ws/devel/include/rtabmap_msgs/ResetPoseResponse.h
Symlinking /root/catkin_ws/devel/include/rtabmap_msgs/ResetPose.h
Symlinking /root/catkin_ws/devel/include/rtabmap_msgs/GetPlan.h
Symlinking /root/catkin_ws/devel/include/rtabmap_msgs/CleanupLocalGridsRequest.h
Symlinking /root/catkin_ws/devel/include/rtabmap_msgs/GlobalBundleAdjustmentResponse.h
Symlinking /root/catkin_ws/devel/include/rtabmap_msgs/OdomInfo.h
Symlinking /root/catkin_ws/devel/include/rtabmap_msgs/Point3f.h
Symlinking /root/catkin_ws/devel/include/rtabmap_msgs/MapGraph.h
Symlinking /root/catkin_ws/devel/include/rtabmap_msgs/ScanDescriptor.h
Symlinking /root/catkin_ws/devel/include/rtabmap_msgs/LoadDatabase.h
Symlinking /root/catkin_ws/devel/include/rtabmap_msgs/MapData.h
Symlinking /root/catkin_ws/devel/include/rtabmap_msgs/LoadDatabaseRequest.h
Symlinking /root/catkin_ws/devel/include/rtabmap_msgs/GetPlanRequest.h
Symlinking /root/catkin_ws/devel/include/rtabmap_msgs/Goal.h
Symlinking /root/catkin_ws/devel/include/rtabmap_msgs/Point2f.h
Symlinking /root/catkin_ws/devel/include/rtabmap_msgs/Link.h
Symlinking /root/catkin_ws/devel/include/rtabmap_msgs/SetGoalRequest.h
Symlinking /root/catkin_ws/devel/include/rtabmap_msgs/Path.h
Symlinking /root/catkin_ws/devel/include/rtabmap_msgs/KeyPoint.h
Symlinking /root/catkin_ws/devel/include/rtabmap_msgs/RGBDImage.h
Symlinking /root/catkin_ws/devel/include/rtabmap_msgs/SensorData.h
Symlinking /root/catkin_ws/devel/include/rtabmap_msgs/GetMap2Request.h
Symlinking /root/catkin_ws/devel/include/rtabmap_msgs/SetLabel.h
Symlinking /root/catkin_ws/devel/include/rtabmap_msgs/GetMap2.h
Symlinking /root/catkin_ws/devel/include/rtabmap_msgs/AddLinkResponse.h
Symlinking /root/catkin_ws/devel/include/rtabmap_msgs/GetMapResponse.h
Symlinking /root/catkin_ws/devel/include/rtabmap_msgs/GetMap.h
Symlinking /root/catkin_ws/devel/include/rtabmap_msgs/RemoveLabelRequest.h
Symlinking /root/catkin_ws/devel/include/rtabmap_msgs/AddLink.h
Symlinking /root/catkin_ws/devel/include/rtabmap_msgs/PublishMapResponse.h
Symlinking /root/catkin_ws/devel/include/rtabmap_msgs/GetNodeData.h
Symlinking /root/catkin_ws/devel/include/rtabmap_msgs/CameraModel.h
Symlinking /root/catkin_ws/devel/include/rtabmap_msgs/Info.h
Symlinking /root/catkin_ws/devel/include/rtabmap_msgs/GetMap2Response.h
