Symlinking /root/catkin_ws/devel/lib/librtabmap_util_plugins.so
Symlinking /root/catkin_ws/devel/lib/rtabmap_util/rgbd_relay
Symlinking /root/catkin_ws/devel/lib/rtabmap_util/yaml_to_camera_info.py
Symlinking /root/catkin_ws/devel/lib/rtabmap_util/imu_to_tf
Symlinking /root/catkin_ws/devel/lib/rtabmap_util/map_optimizer
Symlinking /root/catkin_ws/devel/lib/rtabmap_util/transform_to_tf.py
Symlinking /root/catkin_ws/devel/lib/rtabmap_util/rgbd_split
Symlinking /root/catkin_ws/devel/lib/rtabmap_util/netvlad_tf_ros.py
Symlinking /root/catkin_ws/devel/lib/rtabmap_util/point_to_tf.py
Symlinking /root/catkin_ws/devel/lib/rtabmap_util/point_cloud_aggregator
Symlinking /root/catkin_ws/devel/lib/rtabmap_util/pointcloud_to_depthimage
Symlinking /root/catkin_ws/devel/lib/rtabmap_util/lidar_deskewing
Symlinking /root/catkin_ws/devel/lib/rtabmap_util/cmake.lock
Symlinking /root/catkin_ws/devel/lib/rtabmap_util/objects_to_tags.py
Symlinking /root/catkin_ws/devel/lib/rtabmap_util/republish_tf_static.py
Symlinking /root/catkin_ws/devel/lib/rtabmap_util/data_player
Symlinking /root/catkin_ws/devel/lib/rtabmap_util/map_assembler
Symlinking /root/catkin_ws/devel/lib/rtabmap_util/patrol.py
Symlinking /root/catkin_ws/devel/lib/rtabmap_util/point_cloud_assembler
Symlinking /root/catkin_ws/devel/lib/rtabmap_util/gazebo_ground_truth.py
Symlinking /root/catkin_ws/devel/lib/rtabmap_util/odom_msg_to_tf
Symlinking /root/catkin_ws/devel/lib/pkgconfig/rtabmap_util.pc
Symlinking /root/catkin_ws/devel/share/rtabmap_util/cmake/rtabmap_utilConfig-version.cmake
Symlinking /root/catkin_ws/devel/share/rtabmap_util/cmake/rtabmap_utilConfig.cmake
