Symlinking /root/catkin_ws/devel/lib/python3/dist-packages/turtlebot3_example/__init__.py
Symlinking /root/catkin_ws/devel/lib/python3/dist-packages/turtlebot3_example/msg/_Turtlebot3Feedback.py
Symlinking /root/catkin_ws/devel/lib/python3/dist-packages/turtlebot3_example/msg/_Turtlebot3ActionFeedback.py
Symlinking /root/catkin_ws/devel/lib/python3/dist-packages/turtlebot3_example/msg/_Turtlebot3Action.py
Symlinking /root/catkin_ws/devel/lib/python3/dist-packages/turtlebot3_example/msg/_Turtlebot3ActionGoal.py
Symlinking /root/catkin_ws/devel/lib/python3/dist-packages/turtlebot3_example/msg/_Turtlebot3ActionResult.py
Symlinking /root/catkin_ws/devel/lib/python3/dist-packages/turtlebot3_example/msg/_Turtlebot3Goal.py
Symlinking /root/catkin_ws/devel/lib/python3/dist-packages/turtlebot3_example/msg/_Turtlebot3Result.py
Symlinking /root/catkin_ws/devel/lib/python3/dist-packages/turtlebot3_example/msg/__init__.py
Symlinking /root/catkin_ws/devel/lib/pkgconfig/turtlebot3_example.pc
Symlinking /root/catkin_ws/devel/lib/turtlebot3_example/turtlebot3_marker_server
Symlinking /root/catkin_ws/devel/lib/turtlebot3_example/turtlebot3_bumper
Symlinking /root/catkin_ws/devel/lib/turtlebot3_example/turtlebot3_obstacle
Symlinking /root/catkin_ws/devel/lib/turtlebot3_example/cmake.lock
Symlinking /root/catkin_ws/devel/lib/turtlebot3_example/turtlebot3_cliff
Symlinking /root/catkin_ws/devel/lib/turtlebot3_example/turtlebot3_pointop_key
Symlinking /root/catkin_ws/devel/lib/turtlebot3_example/turtlebot3_illumination
Symlinking /root/catkin_ws/devel/lib/turtlebot3_example/turtlebot3_server
Symlinking /root/catkin_ws/devel/lib/turtlebot3_example/turtlebot3_client
Symlinking /root/catkin_ws/devel/lib/turtlebot3_example/turtlebot3_sonar
Symlinking /root/catkin_ws/devel/share/gennodejs/ros/turtlebot3_example/_index.js
Symlinking /root/catkin_ws/devel/share/gennodejs/ros/turtlebot3_example/msg/_index.js
Symlinking /root/catkin_ws/devel/share/gennodejs/ros/turtlebot3_example/msg/Turtlebot3ActionGoal.js
Symlinking /root/catkin_ws/devel/share/gennodejs/ros/turtlebot3_example/msg/Turtlebot3ActionFeedback.js
Symlinking /root/catkin_ws/devel/share/gennodejs/ros/turtlebot3_example/msg/Turtlebot3Action.js
Symlinking /root/catkin_ws/devel/share/gennodejs/ros/turtlebot3_example/msg/Turtlebot3Goal.js
Symlinking /root/catkin_ws/devel/share/gennodejs/ros/turtlebot3_example/msg/Turtlebot3Result.js
Symlinking /root/catkin_ws/devel/share/gennodejs/ros/turtlebot3_example/msg/Turtlebot3ActionResult.js
Symlinking /root/catkin_ws/devel/share/gennodejs/ros/turtlebot3_example/msg/Turtlebot3Feedback.js
Symlinking /root/catkin_ws/devel/share/common-lisp/ros/turtlebot3_example/msg/_package_Turtlebot3ActionFeedback.lisp
Symlinking /root/catkin_ws/devel/share/common-lisp/ros/turtlebot3_example/msg/turtlebot3_example-msg.asd
Symlinking /root/catkin_ws/devel/share/common-lisp/ros/turtlebot3_example/msg/_package.lisp
Symlinking /root/catkin_ws/devel/share/common-lisp/ros/turtlebot3_example/msg/Turtlebot3Result.lisp
Symlinking /root/catkin_ws/devel/share/common-lisp/ros/turtlebot3_example/msg/Turtlebot3ActionFeedback.lisp
Symlinking /root/catkin_ws/devel/share/common-lisp/ros/turtlebot3_example/msg/Turtlebot3ActionResult.lisp
Symlinking /root/catkin_ws/devel/share/common-lisp/ros/turtlebot3_example/msg/_package_Turtlebot3ActionGoal.lisp
Symlinking /root/catkin_ws/devel/share/common-lisp/ros/turtlebot3_example/msg/_package_Turtlebot3Action.lisp
Symlinking /root/catkin_ws/devel/share/common-lisp/ros/turtlebot3_example/msg/Turtlebot3Action.lisp
Symlinking /root/catkin_ws/devel/share/common-lisp/ros/turtlebot3_example/msg/_package_Turtlebot3Goal.lisp
Symlinking /root/catkin_ws/devel/share/common-lisp/ros/turtlebot3_example/msg/Turtlebot3Goal.lisp
Symlinking /root/catkin_ws/devel/share/common-lisp/ros/turtlebot3_example/msg/_package_Turtlebot3ActionResult.lisp
Symlinking /root/catkin_ws/devel/share/common-lisp/ros/turtlebot3_example/msg/Turtlebot3Feedback.lisp
Symlinking /root/catkin_ws/devel/share/common-lisp/ros/turtlebot3_example/msg/_package_Turtlebot3Result.lisp
Symlinking /root/catkin_ws/devel/share/common-lisp/ros/turtlebot3_example/msg/Turtlebot3ActionGoal.lisp
Symlinking /root/catkin_ws/devel/share/common-lisp/ros/turtlebot3_example/msg/_package_Turtlebot3Feedback.lisp
Symlinking /root/catkin_ws/devel/share/roseus/ros/turtlebot3_example/manifest.l
Symlinking /root/catkin_ws/devel/share/roseus/ros/turtlebot3_example/msg/Turtlebot3Goal.l
Symlinking /root/catkin_ws/devel/share/roseus/ros/turtlebot3_example/msg/Turtlebot3Action.l
Symlinking /root/catkin_ws/devel/share/roseus/ros/turtlebot3_example/msg/Turtlebot3ActionGoal.l
Symlinking /root/catkin_ws/devel/share/roseus/ros/turtlebot3_example/msg/Turtlebot3ActionResult.l
Symlinking /root/catkin_ws/devel/share/roseus/ros/turtlebot3_example/msg/Turtlebot3Result.l
Symlinking /root/catkin_ws/devel/share/roseus/ros/turtlebot3_example/msg/Turtlebot3ActionFeedback.l
Symlinking /root/catkin_ws/devel/share/roseus/ros/turtlebot3_example/msg/Turtlebot3Feedback.l
Symlinking /root/catkin_ws/devel/share/turtlebot3_example/cmake/turtlebot3_exampleConfig-version.cmake
Symlinking /root/catkin_ws/devel/share/turtlebot3_example/cmake/turtlebot3_example-msg-extras.cmake
Symlinking /root/catkin_ws/devel/share/turtlebot3_example/cmake/turtlebot3_example-msg-paths.cmake
Symlinking /root/catkin_ws/devel/share/turtlebot3_example/cmake/turtlebot3_exampleConfig.cmake
Symlinking /root/catkin_ws/devel/share/turtlebot3_example/msg/Turtlebot3Goal.msg
Symlinking /root/catkin_ws/devel/share/turtlebot3_example/msg/Turtlebot3ActionFeedback.msg
Symlinking /root/catkin_ws/devel/share/turtlebot3_example/msg/Turtlebot3ActionGoal.msg
Symlinking /root/catkin_ws/devel/share/turtlebot3_example/msg/Turtlebot3Action.msg
Symlinking /root/catkin_ws/devel/share/turtlebot3_example/msg/Turtlebot3ActionResult.msg
Symlinking /root/catkin_ws/devel/share/turtlebot3_example/msg/Turtlebot3Result.msg
Symlinking /root/catkin_ws/devel/share/turtlebot3_example/msg/Turtlebot3Feedback.msg
Symlinking /root/catkin_ws/devel/include/turtlebot3_example/Turtlebot3Feedback.h
Symlinking /root/catkin_ws/devel/include/turtlebot3_example/Turtlebot3Action.h
Symlinking /root/catkin_ws/devel/include/turtlebot3_example/Turtlebot3ActionGoal.h
Symlinking /root/catkin_ws/devel/include/turtlebot3_example/Turtlebot3Result.h
Symlinking /root/catkin_ws/devel/include/turtlebot3_example/Turtlebot3ActionFeedback.h
Symlinking /root/catkin_ws/devel/include/turtlebot3_example/Turtlebot3ActionResult.h
Symlinking /root/catkin_ws/devel/include/turtlebot3_example/Turtlebot3Goal.h
