Symlinking /root/catkin_ws/devel/lib/python3/dist-packages/turtlebot3_msgs/__init__.py
Symlinking /root/catkin_ws/devel/lib/python3/dist-packages/turtlebot3_msgs/msg/_VersionInfo.py
Symlinking /root/catkin_ws/devel/lib/python3/dist-packages/turtlebot3_msgs/msg/_Sound.py
Symlinking /root/catkin_ws/devel/lib/python3/dist-packages/turtlebot3_msgs/msg/_SensorState.py
Symlinking /root/catkin_ws/devel/lib/python3/dist-packages/turtlebot3_msgs/msg/__init__.py
Symlinking /root/catkin_ws/devel/lib/pkgconfig/turtlebot3_msgs.pc
Symlinking /root/catkin_ws/devel/share/gennodejs/ros/turtlebot3_msgs/_index.js
Symlinking /root/catkin_ws/devel/share/gennodejs/ros/turtlebot3_msgs/msg/VersionInfo.js
Symlinking /root/catkin_ws/devel/share/gennodejs/ros/turtlebot3_msgs/msg/SensorState.js
Symlinking /root/catkin_ws/devel/share/gennodejs/ros/turtlebot3_msgs/msg/_index.js
Symlinking /root/catkin_ws/devel/share/gennodejs/ros/turtlebot3_msgs/msg/Sound.js
Symlinking /root/catkin_ws/devel/share/common-lisp/ros/turtlebot3_msgs/msg/_package_SensorState.lisp
Symlinking /root/catkin_ws/devel/share/common-lisp/ros/turtlebot3_msgs/msg/Sound.lisp
Symlinking /root/catkin_ws/devel/share/common-lisp/ros/turtlebot3_msgs/msg/_package.lisp
Symlinking /root/catkin_ws/devel/share/common-lisp/ros/turtlebot3_msgs/msg/_package_Sound.lisp
Symlinking /root/catkin_ws/devel/share/common-lisp/ros/turtlebot3_msgs/msg/SensorState.lisp
Symlinking /root/catkin_ws/devel/share/common-lisp/ros/turtlebot3_msgs/msg/VersionInfo.lisp
Symlinking /root/catkin_ws/devel/share/common-lisp/ros/turtlebot3_msgs/msg/turtlebot3_msgs-msg.asd
Symlinking /root/catkin_ws/devel/share/common-lisp/ros/turtlebot3_msgs/msg/_package_VersionInfo.lisp
Symlinking /root/catkin_ws/devel/share/roseus/ros/turtlebot3_msgs/manifest.l
Symlinking /root/catkin_ws/devel/share/roseus/ros/turtlebot3_msgs/msg/SensorState.l
Symlinking /root/catkin_ws/devel/share/roseus/ros/turtlebot3_msgs/msg/Sound.l
Symlinking /root/catkin_ws/devel/share/roseus/ros/turtlebot3_msgs/msg/VersionInfo.l
Symlinking /root/catkin_ws/devel/share/turtlebot3_msgs/cmake/turtlebot3_msgsConfig-version.cmake
Symlinking /root/catkin_ws/devel/share/turtlebot3_msgs/cmake/turtlebot3_msgs-msg-paths.cmake
Symlinking /root/catkin_ws/devel/share/turtlebot3_msgs/cmake/turtlebot3_msgsConfig.cmake
Symlinking /root/catkin_ws/devel/share/turtlebot3_msgs/cmake/turtlebot3_msgs-msg-extras.cmake
Symlinking /root/catkin_ws/devel/include/turtlebot3_msgs/Sound.h
Symlinking /root/catkin_ws/devel/include/turtlebot3_msgs/SensorState.h
Symlinking /root/catkin_ws/devel/include/turtlebot3_msgs/VersionInfo.h
